; DTC-01 (DECtalk v1.8) TMS32010 DSP program - generated by dsp/tmsdis.py
; 1180 code words, 868 data words; data-RAM constants set at reset:
;   data[01] = 0x0118 = 280 (parallel F3 bandwidth term; 4*280 - 26 = the tilt slope)
;   data[02] = 0x1000 (1.0 Q12)
;   data[03] = 0x0641 (noise generator feedback)
;   data[04] = 0x2AAB (1/3 in Q15: a = b*nopen/3)
;   data[05] = 0x7FFF (checksum mask)
;   data[06] = 0x6000 (speaker-frame header)
;   data[07] = 0x0032 = 50 (frequency step for COS_LOOKUP ranges)
;   data[08] = 0x21EA (x2 = 0x43D4, 19-word frame trailer)
;   data[09] = 0x00D2 (0xF5 + 0xD2 = B0_TABLE base; x2 = parallel F2 bandwidth term)
;   data[0A] = 0x21FC (never read)
;   data[0B] = 0x7850 (never read)
;   data[0C] = 0x1000 (1.0 Q12)
;   data[0D] = 0x000C (subtracted from the tilt word; 5000 in tone mode)
;   data[0E] = 0x1FFF (header must-be-zero mask; noise mask)
;   data[0F] = 0xE000 (noise: the sign bits of a negative value)
;   data[10] = 0x0001 (one)
;

000  F900 02A7  RESET:               B     COLD_START

002  F900 0694  INTVEC:              B     DAC_ISR

; INIT_CONSTS: copied to data RAM 0x00-0x10 at reset (data[n] = prog[n+3]); see RAM_CONSTS
004  DATA       INIT_CONSTS:         DW 0118 1000 0641 2AAB 7FFF 6000 0032 21EA
00C  DATA                            DW 00D2 21FC 7850 1000 000C 1FFF E000 0001

; RESET_COEFFS: loaded at reset: 0x14 -> data 25 (noise seed), 0x15/0x16 -> 58/59 (parallel F6 B/C), 0x17/0x18 -> 6A/6B (nasal pole B/C), 0x19-0x20 -> data 80-87: 81 = 31 (FNZ index offset), 84/85 = the 4x low-pass C/B; 80 82 83 86 87 are never read (REFERENCE s16.10)
014  DATA       RESET_COEFFS:        DW 2D61 E9BA F835 1ED2 F0A0 0226 001F 7530
01C  DATA                            DW 0334 F4B0 170F F3E8 17AE

; FNZ_TAB_A: nasal anti-resonator coefficient a (x gain), 35 steps: FNZ ~= 240 + 8k Hz, BW ~80 Hz
021  DATA       FNZ_TAB_A:           DW 0F18 0E1B 0D4D 0C87 0BCA 0B2D 0A8C 09FB
029  DATA                            DW 0982 0905 0893 082D 07CA 0770 071E 06CE
031  DATA                            DW 0685 063E 05FD 05C1 0587 0551 0520 04EF
039  DATA                            DW 04C0 0494 046B 0446 0420 03FC 03DC 03C3
041  DATA                            DW 039E 0381 0380

; FNZ_TAB_B: nasal anti-resonator coefficient b (same index; see FNZ_TAB_A)
044  DATA       FNZ_TAB_B:           DW E2E3 E4D0 E662 E7E5 E956 EA88 EBC3 ECDD
04C  DATA                            DW EDCA EEBE EF9B F064 F125 F1D4 F275 F310
054  DATA                            DW F39F F429 F4A7 F51C F58E F5F7 F658 F6B7
05C  DATA                            DW F713 F768 F7B8 F802 F84A F891 F8D0 F90E
064  DATA                            DW F949 F982 F9B7

; FNZ_TAB_C: nasal anti-resonator coefficient c (same index; see FNZ_TAB_A)
067  DATA       FNZ_TAB_C:           DW 0E5D 0D6D 0CA9 0BEC 0B38 0AA3 0A09 0980
06F  DATA                            DW 090C 0895 0829 07C8 0769 0714 06C6 067A
077  DATA                            DW 0634 05F1 05B3 057A 0543 0510 04E0 04B2
07F  DATA                            DW 0485 045B 0435 0411 03ED 03CB 03AC 038E
087  DATA                            DW 0371 0355 033B

; AMPTABLE: Klatt's dB->linear amptable[88] (klsyn/parwav.h), indexed as 0x8A + dB
08A  DATA       AMPTABLE:            DW 0000 0000 0000 0000 0000 0000 0000 0000
092  DATA                            DW 0000 0000 0000 0000 0000 0006 0007 0008
09A  DATA                            DW 0009 000A 000B 000D 000E 0010 0012 0014
0A2  DATA                            DW 0016 0019 001C 0020 0023 0028 002D 0033
0AA  DATA                            DW 0039 0040 0047 0050 005A 0065 0072 0080
0B2  DATA                            DW 008E 009F 00B3 00CA 00E3 0100 011C 013E
0BA  DATA                            DW 0167 0195 01C7 0200 0238 027E 02CF 032B
0C2  DATA                            DW 038F 0400 0471 04FC 059E 0656 071F 0800
0CA  DATA                            DW 08E1 09F8 0B3B 0CAC 0E3D 1000 11C3 13F0
0D2  DATA                            DW 1677 1958 1C7B 2000 2385 27DF 2CEE 32B0
0DA  DATA                            DW 38F6 4000 47AE 50A4 5B85 6666 7333 7FFF

; COS_TABLE: cosine table, 8191*cos(theta) from 0x1FBF down to 0xE000 (-8192); indexed by the COS_LOOKUP_* routines with piecewise resolution
0E2  DATA       COS_TABLE:           DW 1FBF 1FC1 1FBD 1FBA 1FB7 1FB5 1FB2 1FAF
0EA  DATA                            DW 1FAC 1FA9 1FA6 1FA3 1FA0 1F9D 1F9A 1FA0
0F2  DATA                            DW 1F93 1F90 1F8C 1F89 1F85 1F82 1F7E 1F7A
0FA  DATA                            DW 1F77 1F73 1F6F 1F6B 1F67 1F63 1F5F 1F5B
102  DATA                            DW 1F57 1F53 1F4E 1F4A 1F46 1F41 1F3D 1F38
10A  DATA                            DW 1F34 1F2F 1F2B 1F26 1F21 1F1C 1F18 1F13
112  DATA                            DW 1F0E 1F09 1EFF 1EF4 1EEA 1EDF 1ED4 1EC9
11A  DATA                            DW 1EBE 1EB2 1EA6 1E9A 1E8E 1E82 1E75 1E69
122  DATA                            DW 1E5C 1E4F 1E41 1E34 1E26 1E18 1E0A 1DFC
12A  DATA                            DW 1DED 1DDF 1DD0 1DC1 1DB1 1DA2 1D92 1D83
132  DATA                            DW 1D73 1D62 1D52 1D41 1D31 1D20 1D0E 1CFD
13A  DATA                            DW 1CEC 1CDA 1CC8 1CB6 1CA4 1C91 1C7E 1C6C
142  DATA                            DW 1C59 1C45 1C32 1C1E 1BF7 1BCE 1BA5 1B7B
14A  DATA                            DW 1B51 1B26 1AFA 1ACD 1AA0 1A72 1A43 1A14
152  DATA                            DW 19E3 19B3 1981 194F 191D 18E9 18B5 1880
15A  DATA                            DW 184B 1815 17DF 17A8 1770 1737 16FE 16C5
162  DATA                            DW 168B 1650 1615 15D9 159C 155F 1522 14E4
16A  DATA                            DW 14A5 1466 1426 13E6 13A5 1364 1322 12E0
172  DATA                            DW 129D 125A 1216 11D2 118D 1148 10BD 102F
17A  DATA                            DW 0FA1 0F10 0E7E 0DEA 0D55 0CBF 0C27 0B8E
182  DATA                            DW 0AF4 0A59 09BC 091F 0881 07E1 0741 06A1
18A  DATA                            DW 05FF 055D 04BA 0417 0374 02D0 022B 0187
192  DATA                            DW 00E2 003E FF99 FEF4 FE50 FDAB FD07 FC63
19A  DATA                            DW FBC0 FB1D FA7A F9D9 F937 F897 F7F7 F758
1A2  DATA                            DW F6BA F61D F580 F4E5 F44B F3B3 F31B F285
1AA  DATA                            DW F1F1 F139 F018 EEFE EDEA ECDE EBDA EADF
1B2  DATA                            DW E9EC E902 E822 E74B E67F E5C3 E507 E45B
1BA  DATA                            DW E3BB E338 E29E E222 E1B2 E14E E0F8 E0AE
1C2  DATA                            DW E071 E041 E01E E008 E000

; B0_TABLE: klsyn/parwav.h B0[224] = 1920000/nopen^2 (natural glottal source), indexed by nopen-40; byte-identical
1C7  DATA       B0_TABLE:            DW 04B0 0476 0440 040E 03DF 03B4 038B 0365
1CF  DATA                            DW 0341 031F 0300 02E2 02C6 02AB 0292 027A
1D7  DATA                            DW 0264 024E 023A 0227 0215 0203 01F3 01E3
1DF  DATA                            DW 01D4 01C6 01B8 01AB 019F 0193 0187 017C
1E7  DATA                            DW 0172 0168 015E 0155 014C 0143 013B 0133
1EF  DATA                            DW 012C 0124 011D 0116 0110 0109 0103 00FD
1F7  DATA                            DW 00F7 00F2 00ED 00E7 00E2 00DD 00D9 00D4
1FF  DATA                            DW 00D0 00CC 00C7 00C3 00C0 00BC 00B8 00B4
207  DATA                            DW 00B1 00AE 00AA 00A7 00A4 00A1 009E 009B
20F  DATA                            DW 0099 0096 0093 0091 008E 008C 0089 0087
217  DATA                            DW 0085 0083 0080 007E 007C 007A 0078 0077
21F  DATA                            DW 0075 0073 0071 006F 006E 006C 006A 0069
227  DATA                            DW 0067 0066 0064 0063 0061 0060 005F 005D
22F  DATA                            DW 005C 005B 005A 0058 0057 0056 0055 0054
237  DATA                            DW 0053 0052 0050 004F 004E 004D 004C 004B
23F  DATA                            DW 004B 004A 0049 0048 0047 0046 0045 0044
247  DATA                            DW 0044 0043 0042 0041 0040 0040 003F 003E
24F  DATA                            DW 003D 003D 003C 003B 003B 003A 0039 0039
257  DATA                            DW 0038 0038 0037 0037 0036 0036 0035 0035
25F  DATA                            DW 0034 0034 0033 0033 0032 0032 0031 0031
267  DATA                            DW 0030 0030 002F 002F 002E 002E 002D 002D
26F  DATA                            DW 002C 002C 002B 002B 002A 002A 0029 0029
277  DATA                            DW 0029 0029 0028 0028 0027 0027 0026 0026
27F  DATA                            DW 0026 0026 0025 0025 0024 0024 0024 0024
287  DATA                            DW 0023 0023 0023 0023 0022 0022 0021 0021
28F  DATA                            DW 0021 0021 0020 0020 0020 0020 001F 001F
297  DATA                            DW 001F 001F 001E 001E 001E 001E 001D 001D
29F  DATA                            DW 001D 001D 001C 001C 001C 001C 001B 001B

2A7  7F8B       COLD_START:          SOVM                      ; saturation mode on; DP=0
2A8  6E00                            LDPK  0
2A9  7F89                            ZAC
2AA  5000                            SACL  00h
2AB  4800                            OUT   00h,PA0             ; port 0: raise semaphore to the 68000 (value 0 = no error)
2AC  7080                            LARK  AR0,80h
2AD  6880                            LARP  0
2AE  6E01                            LDPK  1
2AF  5008                            SACL  08h
2B0  5009                            SACL  09h
2B1  500C                            SACL  0Ch
2B2  6E00                            LDPK  0
2B3  5088       L2B3:                SACL  *                   ; clear data RAM 0x00-0x80
2B4  F400 02B3                       BANZ  L2B3
2B6  7E13                            LACK  13h
2B7  7010                            LARK  AR0,10h
2B8  6880                            LARP  0
2B9  6780       L2B9:                TBLR  *,0                 ; copy INIT_CONSTS -> data 0x00-0x10
2BA  1010                            SUB   10h
2BB  F400 02B9                       BANZ  L2B9
2BD  7E18                            LACK  18h
2BE  676B                            TBLR  6Bh
2BF  1010                            SUB   10h
2C0  676A                            TBLR  6Ah
2C1  1010                            SUB   10h
2C2  6759                            TBLR  59h
2C3  1010                            SUB   10h
2C4  6758                            TBLR  58h
2C5  1010                            SUB   10h
2C6  6725                            TBLR  25h
2C7  7E20                            LACK  20h
2C8  7087                            LARK  AR0,87h
2C9  6880                            LARP  0
2CA  6790                            TBLR  *-,0
2CB  1010                            SUB   10h
2CC  6790                            TBLR  *-,0
2CD  1010                            SUB   10h
2CE  6790                            TBLR  *-,0
2CF  1010                            SUB   10h
2D0  6790                            TBLR  *-,0
2D1  1010                            SUB   10h
2D2  6790                            TBLR  *-,0
2D3  1010                            SUB   10h
2D4  6790                            TBLR  *-,0
2D5  1010                            SUB   10h
2D6  6790                            TBLR  *-,0
2D7  1010                            SUB   10h
2D8  6790                            TBLR  *-,0

2D9  F600 02D9  WAIT_68K_READY:      BIOZ  WAIT_68K_READY      ; spin until BIO (68000 has acknowledged)
2DB  7EC8                            LACK  C8h
2DC  5015                            SACL  15h
2DD  F900 02F9                       B     MAIN_LOOP

2DF  7E40       FRAME_TIMEOUT_CHECK: LACK  40h                 ; every 64 samples (data[2D]) back to MAIN_LOOP to look for a frame: the DSP paces the 68000
2E0  102D                            SUB   2Dh
2E1  FC00 04A5                       BGZ   SAMPLE
2E3  7F89                            ZAC
2E4  502D                            SACL  2Dh
2E5  F900 02F9                       B     MAIN_LOOP

2E7  6E01       IDLE_DECAY:          LDPK  1                   ; three frame times without a frame: stop making samples; signal "error" once if speech was spoken (8C)
2E8  200C                            LAC   0Ch
2E9  580C                            SACH  0Ch
2EA  6E00                            LDPK  0
2EB  FF00 02EE                       BZ    CLEAR_STATE

2ED  4810       SIGNAL_ERROR:        OUT   10h,PA0             ; port 0 write with data[10]=1 -> error latch set, 68000 IRQ5

2EE  660D       CLEAR_STATE:         ZALS  0Dh
2EF  000D                            ADD   0Dh
2F0  6E01                            LDPK  1
2F1  5808                            SACH  08h
2F2  5809                            SACH  09h
2F3  6E00                            LDPK  0
2F4  714A                            LARK  AR1,4Ah
2F5  5998       L2F5:                SACH  *-,1
2F6  1010                            SUB   10h
2F7  FC00 02F5                       BGZ   L2F5

2F9  F600 049E  MAIN_LOOP:           BIOZ  NO_FRAME            ; BIO clear -> no frame pending, go synthesize a sample
2FB  7F89                            ZAC
2FC  5071                            SACL  71h
2FD  5073                            SACL  73h
2FE  412C                            IN    2Ch,PA1             ; frame header -> data[2C]
2FF  2F10                            LAC   10h,15              ; bit 15 set -> TONE_MODE
300  792C                            AND   2Ch
301  FE00 0698                       BNZ   TONE_MODE
303  202C                            LAC   2Ch                 ; header & 0x6000 must be non-zero
304  7906                            AND   06h
305  FF00 02ED                       BZ    SIGNAL_ERROR
307  202C                            LAC   2Ch                 ; header & 0x1FFF must be zero
308  790E                            AND   0Eh
309  FE00 02ED                       BNZ   SIGNAL_ERROR
30B  202C                            LAC   2Ch
30C  5073                            SACL  73h
30D  7806                            XOR   06h                 ; header 0x6000 = 24-word speaker frame; 0x2000/0x4000 = 19-word speech frame
30E  FE00 03D3                       BNZ   READ_FRAME_19
310  660D                            ZALS  0Dh
311  714A                            LARK  AR1,4Ah
312  5998       L312:                SACH  *-,1
313  1010                            SUB   10h
314  FC00 0312                       BGZ   L312
316  4164                            IN    64h,PA1             ; speaker frame word 1 (running sum in data[73])
317  2064                            LAC   64h
318  0073                            ADD   73h
319  5073                            SACL  73h
31A  4165                            IN    65h,PA1
31B  2065                            LAC   65h
31C  0073                            ADD   73h
31D  5073                            SACL  73h
31E  2064                            LAC   64h
31F  5012                            SACL  12h
320  F800 072A                       CALL  COS_LOOKUP_C        ; frequency -> cosine coefficient
322  6A12                            LT    12h
323  200C                            LAC   0Ch
324  1065                            SUB   65h
325  5000                            SACL  00h
326  2065                            LAC   65h
327  1000                            SUB   00h
328  5065                            SACL  65h
329  6D00                            MPY   00h
32A  7F8E                            PAC
32B  5C64                            SACH  64h,4
32C  4167                            IN    67h,PA1
32D  2067                            LAC   67h
32E  0073                            ADD   73h
32F  5073                            SACL  73h
330  4168                            IN    68h,PA1
331  2068                            LAC   68h
332  0073                            ADD   73h
333  5073                            SACL  73h
334  2067                            LAC   67h
335  5012                            SACL  12h
336  F800 072A                       CALL  COS_LOOKUP_C
338  6A12                            LT    12h
339  200C                            LAC   0Ch
33A  1068                            SUB   68h
33B  5000                            SACL  00h
33C  2068                            LAC   68h
33D  1000                            SUB   00h
33E  5068                            SACL  68h
33F  6D00                            MPY   00h
340  7F8E                            PAC
341  5C67                            SACH  67h,4
342  4152                            IN    52h,PA1
343  2052                            LAC   52h
344  0073                            ADD   73h
345  5073                            SACL  73h
346  2052                            LAC   52h
347  5012                            SACL  12h
348  F800 072A                       CALL  COS_LOOKUP_C
34A  6A12                            LT    12h
34B  200C                            LAC   0Ch
34C  1307                            SUB   07h,3
34D  5000                            SACL  00h
34E  2307                            LAC   07h,3
34F  1000                            SUB   00h
350  5053                            SACL  53h
351  6D00                            MPY   00h
352  7F8E                            PAC
353  5C52                            SACH  52h,4
354  4155                            IN    55h,PA1
355  2055                            LAC   55h
356  0073                            ADD   73h
357  5073                            SACL  73h
358  2055                            LAC   55h
359  5012                            SACL  12h
35A  F800 072A                       CALL  COS_LOOKUP_C
35C  6A12                            LT    12h
35D  200C                            LAC   0Ch
35E  1307                            SUB   07h,3
35F  1107                            SUB   07h,1
360  5000                            SACL  00h
361  2307                            LAC   07h,3
362  0107                            ADD   07h,1
363  1000                            SUB   00h
364  5056                            SACL  56h
365  6D00                            MPY   00h
366  7F8E                            PAC
367  5C55                            SACH  55h,4
368  6E01                            LDPK  1
369  410B                            IN    0Bh,PA1
36A  200B                            LAC   0Bh
36B  6E00                            LDPK  0
36C  0073                            ADD   73h
36D  5073                            SACL  73h
36E  417F                            IN    7Fh,PA1
36F  207F                            LAC   7Fh
370  0073                            ADD   73h
371  5073                            SACL  73h
372  4166                            IN    66h,PA1
373  2066                            LAC   66h
374  0073                            ADD   73h
375  5073                            SACL  73h
376  7E8A                            LACK  8Ah
377  0066                            ADD   66h
378  6766                            TBLR  66h                 ; dB -> linear via AMPTABLE
379  4163                            IN    63h,PA1
37A  2063                            LAC   63h
37B  0073                            ADD   73h
37C  5073                            SACL  73h
37D  7E8A                            LACK  8Ah
37E  0063                            ADD   63h
37F  6763                            TBLR  63h
380  412B                            IN    2Bh,PA1
381  202B                            LAC   2Bh
382  0073                            ADD   73h
383  5073                            SACL  73h
384  7E8A                            LACK  8Ah
385  002B                            ADD   2Bh
386  672B                            TBLR  2Bh
387  412A                            IN    2Ah,PA1
388  202A                            LAC   2Ah
389  0073                            ADD   73h
38A  5073                            SACL  73h
38B  7E8A                            LACK  8Ah
38C  002A                            ADD   2Ah
38D  672A                            TBLR  2Ah
38E  4129                            IN    29h,PA1
38F  2029                            LAC   29h
390  0073                            ADD   73h
391  5073                            SACL  73h
392  7E8A                            LACK  8Ah
393  0029                            ADD   29h
394  6729                            TBLR  29h
395  4128                            IN    28h,PA1
396  2028                            LAC   28h
397  0073                            ADD   73h
398  5073                            SACL  73h
399  4127                            IN    27h,PA1
39A  2027                            LAC   27h
39B  0073                            ADD   73h
39C  5073                            SACL  73h
39D  4179                            IN    79h,PA1
39E  2079                            LAC   79h
39F  0073                            ADD   73h
3A0  5073                            SACL  73h
3A1  7E8A                            LACK  8Ah
3A2  0079                            ADD   79h
3A3  6779                            TBLR  79h
3A4  411A                            IN    1Ah,PA1
3A5  201A                            LAC   1Ah
3A6  0073                            ADD   73h
3A7  5073                            SACL  73h
3A8  2025                            LAC   25h
3A9  5024                            SACL  24h
3AA  4174                            IN    74h,PA1
3AB  2074                            LAC   74h
3AC  0073                            ADD   73h
3AD  5073                            SACL  73h
3AE  4175                            IN    75h,PA1
3AF  2075                            LAC   75h
3B0  0073                            ADD   73h
3B1  5073                            SACL  73h
3B2  7E8A                            LACK  8Ah
3B3  0075                            ADD   75h
3B4  6775                            TBLR  75h
3B5  4169                            IN    69h,PA1
3B6  2069                            LAC   69h
3B7  0073                            ADD   73h
3B8  5073                            SACL  73h
3B9  7E8A                            LACK  8Ah
3BA  0069                            ADD   69h
3BB  6769                            TBLR  69h
3BC  4176                            IN    76h,PA1
3BD  2076                            LAC   76h
3BE  0073                            ADD   73h
3BF  5073                            SACL  73h
3C0  7E8A                            LACK  8Ah
3C1  0076                            ADD   76h
3C2  6776                            TBLR  76h
3C3  4177                            IN    77h,PA1
3C4  2077                            LAC   77h
3C5  0073                            ADD   73h
3C6  5073                            SACL  73h
3C7  7E8A                            LACK  8Ah
3C8  0077                            ADD   77h
3C9  6777                            TBLR  77h
3CA  4100                            IN    00h,PA1             ; word 23: checksum; (sum & 0x7FFF) must be 0
3CB  2000                            LAC   00h
3CC  0073                            ADD   73h
3CD  7905                            AND   05h
3CE  FE00 02ED                       BNZ   SIGNAL_ERROR
3D0  4807                            OUT   07h,PA0             ; port 0: semaphore, no error (frame accepted)
3D1  F900 02F9                       B     MAIN_LOOP

3D3  4130       READ_FRAME_19:       IN    30h,PA1             ; speech frame: T0 F1 F2 F3 FNZ B1 B2 B3 AV, then AH A2-A6 AB through AMPTABLE, TLT, the trailer
3D4  4122                            IN    22h,PA1
3D5  4121                            IN    21h,PA1
3D6  4120                            IN    20h,PA1
3D7  411F                            IN    1Fh,PA1
3D8  411E                            IN    1Eh,PA1
3D9  411D                            IN    1Dh,PA1
3DA  411C                            IN    1Ch,PA1
3DB  411B                            IN    1Bh,PA1
3DC  4112                            IN    12h,PA1
3DD  7E8A                            LACK  8Ah
3DE  0310                            ADD   10h,3
3DF  0110                            ADD   10h,1
3E0  5000                            SACL  00h
3E1  0012                            ADD   12h
3E2  5012                            SACL  12h
3E3  6716                            TBLR  16h
3E4  6A16                            LT    16h
3E5  6D77                            MPY   77h
3E6  7F8E                            PAC
3E7  5C16                            SACH  16h,4
3E8  7E8A                            LACK  8Ah
3E9  1012                            SUB   12h
3EA  FA00 03EE                       BLZ   L3EE
3EC  7F89                            ZAC
3ED  5816                            SACH  16h
3EE  4112       L3EE:                IN    12h,PA1
3EF  2000                            LAC   00h
3F0  0012                            ADD   12h
3F1  5012                            SACL  12h
3F2  676F                            TBLR  6Fh
3F3  6A6F                            LT    6Fh
3F4  6D75                            MPY   75h
3F5  7F8E                            PAC
3F6  596F                            SACH  6Fh,1
3F7  7E8A                            LACK  8Ah
3F8  1012                            SUB   12h
3F9  FA00 03FD                       BLZ   L3FD
3FB  7F89                            ZAC
3FC  586F                            SACH  6Fh
3FD  4112       L3FD:                IN    12h,PA1
3FE  2000                            LAC   00h
3FF  0012                            ADD   12h
400  5012                            SACL  12h
401  6770                            TBLR  70h
402  6A70                            LT    70h
403  6D75                            MPY   75h
404  7F8E                            PAC
405  5970                            SACH  70h,1
406  7E8A                            LACK  8Ah
407  1012                            SUB   12h
408  FA00 040C                       BLZ   L40C
40A  7F89                            ZAC
40B  5070                            SACL  70h
40C  4112       L40C:                IN    12h,PA1
40D  2000                            LAC   00h
40E  0012                            ADD   12h
40F  5012                            SACL  12h
410  6751                            TBLR  51h
411  6A51                            LT    51h
412  6D75                            MPY   75h
413  7F8E                            PAC
414  5951                            SACH  51h,1
415  7E8A                            LACK  8Ah
416  1012                            SUB   12h
417  FA00 041B                       BLZ   L41B
419  7F89                            ZAC
41A  5051                            SACL  51h
41B  4112       L41B:                IN    12h,PA1
41C  2000                            LAC   00h
41D  0012                            ADD   12h
41E  5012                            SACL  12h
41F  6754                            TBLR  54h
420  6A54                            LT    54h
421  6D75                            MPY   75h
422  7F8E                            PAC
423  5954                            SACH  54h,1
424  7E8A                            LACK  8Ah
425  1012                            SUB   12h
426  FA00 042A                       BLZ   L42A
428  7F89                            ZAC
429  5054                            SACL  54h
42A  4112       L42A:                IN    12h,PA1
42B  2000                            LAC   00h
42C  0012                            ADD   12h
42D  5012                            SACL  12h
42E  6757                            TBLR  57h
42F  6A57                            LT    57h
430  6D75                            MPY   75h
431  7F8E                            PAC
432  5957                            SACH  57h,1
433  7E8A                            LACK  8Ah
434  1012                            SUB   12h
435  FA00 0439                       BLZ   L439
437  7F89                            ZAC
438  5057                            SACL  57h
439  4112       L439:                IN    12h,PA1
43A  2000                            LAC   00h
43B  0012                            ADD   12h
43C  5012                            SACL  12h
43D  6717                            TBLR  17h
43E  6A17                            LT    17h
43F  6D75                            MPY   75h
440  7F8E                            PAC
441  5C17                            SACH  17h,4
442  7E8A                            LACK  8Ah
443  1012                            SUB   12h
444  FA00 0448                       BLZ   L448
446  7F89                            ZAC
447  5017                            SACL  17h
448  412F       L448:                IN    2Fh,PA1
449  202F                            LAC   2Fh
44A  100D                            SUB   0Dh
44B  502F                            SACL  2Fh
44C  4100                            IN    00h,PA1             ; last word must equal 2*data[08] = 0x43D4
44D  2108                            LAC   08h,1
44E  1000                            SUB   00h
44F  FE00 02ED                       BNZ   SIGNAL_ERROR
451  7E01                            LACK  01h
452  6E01                            LDPK  1
453  500C                            SACL  0Ch
454  6E00                            LDPK  0
455  4807                            OUT   07h,PA0             ; frame accepted

456  280C       FRAME_COEFFS:        LAC   0Ch,8
457  1874                            SUB   74h,8
458  6A22                            LT    22h
459  6D74                            MPY   74h
45A  7F8F                            APAC
45B  5C22                            SACH  22h,4
45C  290C                            LAC   0Ch,9
45D  1974                            SUB   74h,9
45E  6A21                            LT    21h
45F  6D74                            MPY   74h
460  7F8F                            APAC
461  5C21                            SACH  21h,4
462  6A20                            LT    20h
463  6D74                            MPY   74h
464  7F8E                            PAC
465  5C20                            SACH  20h,4
466  2109                            LAC   09h,1
467  100C                            SUB   0Ch
468  504D                            SACL  4Dh
469  2021                            LAC   21h
46A  5012                            SACL  12h
46B  F800 0709                       CALL  COS_LOOKUP_A
46D  6A12                            LT    12h
46E  200C                            LAC   0Ch
46F  1009                            SUB   09h
470  5000                            SACL  00h
471  6D00                            MPY   00h
472  7F8E                            PAC
473  5C4C                            SACH  4Ch,4
474  200C                            LAC   0Ch
475  104C                            SUB   4Ch
476  104D                            SUB   4Dh
477  5000                            SACL  00h
478  6A6F                            LT    6Fh
479  6D00                            MPY   00h
47A  7F8E                            PAC
47B  5912                            SACH  12h,1
47C  7905                            AND   05h
47D  5000                            SACL  00h
47E  2100                            LAC   00h,1
47F  6012                            ADDH  12h
480  5C4B                            SACH  4Bh,4
481  2101                            LAC   01h,1
482  100C                            SUB   0Ch
483  5050                            SACL  50h
484  2020                            LAC   20h
485  5012                            SACL  12h
486  F800 0721                       CALL  COS_LOOKUP_B
488  6A12                            LT    12h
489  200C                            LAC   0Ch
48A  1001                            SUB   01h
48B  5000                            SACL  00h
48C  6D00                            MPY   00h
48D  7F8E                            PAC
48E  5C4F                            SACH  4Fh,4
48F  200C                            LAC   0Ch
490  104F                            SUB   4Fh
491  1050                            SUB   50h
492  5000                            SACL  00h
493  6A70                            LT    70h
494  6D00                            MPY   00h
495  7F8E                            PAC
496  5912                            SACH  12h,1
497  7905                            AND   05h
498  5000                            SACL  00h
499  2100                            LAC   00h,1
49A  6012                            ADDH  12h
49B  5C4E                            SACH  4Eh,4
49C  F900 04A5                       B     SAMPLE

49E  2071       NO_FRAME:            LAC   71h
49F  1110                            SUB   10h,1
4A0  FC00 02E7                       BGZ   IDLE_DECAY
4A2  0110                            ADD   10h,1
4A3  0010                            ADD   10h
4A4  5071                            SACL  71h

4A5  2024       SAMPLE:              LAC   24h                 ; noise generator: data[24] shifts left, XOR 0x0641 when it was <= 0; noise = its low 13 bits (sign-filled)
4A6  FB00 04AD                       BLEZ  L4AD
4A8  790E                            AND   0Eh
4A9  5026                            SACL  26h
4AA  2124                            LAC   24h,1
4AB  F900 04B1                       B     L4B1
4AD  7A0F       L4AD:                OR    0Fh
4AE  5026                            SACL  26h
4AF  2124                            LAC   24h,1
4B0  7803                            XOR   03h
4B1  5024       L4B1:                SACL  24h
4B2  6A02                            LT    02h
4B3  6D7E                            MPY   7Eh
4B4  7F8E                            PAC
4B5  5912                            SACH  12h,1
4B6  2012                            LAC   12h
4B7  0026                            ADD   26h
4B8  5026                            SACL  26h
4B9  507E                            SACL  7Eh
4BA  2031                            LAC   31h                 ; nper > nmod (data[31]) -> noise halved (parwav: amplitude-modulated noise)
4BB  1014                            SUB   14h
4BC  FD00 04C0                       BGEZ  L4C0
4BE  2F26                            LAC   26h,15
4BF  5826                            SACH  26h
4C0  7E04       L4C0:                LACK  04h                 ; glottal source runs 4x per output sample (as in klsyn parwav.c)
4C1  5072                            SACL  72h

4C2  2072       GLOTTAL_4X_LOOP:     LAC   72h
4C3  1010                            SUB   10h
4C4  FA00 05CD                       BLZ   NOISE_AND_MIX
4C6  5072                            SACL  72h
4C7  2015                            LAC   15h                 ; nper (14) vs nopen (15): open phase -> natural source
4C8  1014                            SUB   14h
4C9  FA00 04D7                       BLZ   L4D7
4CB  2013                            LAC   13h                 ; parwav natural_source(): a -= b; vwave += a  (a = 13, b = 2E, vwave = 78)
4CC  102E                            SUB   2Eh
4CD  5013                            SACL  13h
4CE  2C13                            LAC   13h,12
4CF  6078                            ADDH  78h
4D0  5878                            SACH  78h
4D1  6A78                            LT    78h                 ; glotout = vwave * amp_voice (76)
4D2  6D76                            MPY   76h
4D3  7F8E                            PAC
4D4  5C23                            SACH  23h,4
4D5  F900 05BA                       B     GLOTTAL_LOWPASS
4D7  2030       L4D7:                LAC   30h                 ; closed phase: vwave = 0 until nper reaches T0 (data[30])
4D8  1014                            SUB   14h
4D9  FB00 04DF                       BLEZ  PITCH_SYNC_RESET
4DB  7F89                            ZAC
4DC  5023                            SACL  23h
4DD  F900 05BA                       B     GLOTTAL_LOWPASS

4DF  7F89       PITCH_SYNC_RESET:    ZAC                       ; parwav pitch_synch_par_reset(): nper = 0, vwave = 0
4E0  5078                            SACL  78h
4E1  5023                            SACL  23h
4E2  5014                            SACL  14h
4E3  7E8A                            LACK  8Ah                 ; AV latched once per period: data[19] = AMPTABLE[1B + 4]
4E4  001B                            ADD   1Bh
4E5  0210                            ADD   10h,2
4E6  5000                            SACL  00h
4E7  6719                            TBLR  19h
4E8  2000                            LAC   00h
4E9  FC00 04ED                       BGZ   L4ED
4EB  7F89                            ZAC
4EC  5019                            SACL  19h
4ED  2330       L4ED:                LAC   30h,3
4EE  5000                            SACL  00h
4EF  6A79                            LT    79h
4F0  6D00                            MPY   00h
4F1  7F8E                            PAC
4F2  5C7A                            SACH  7Ah,4
4F3  6A7F                            LT    7Fh                 ; T0 += 7F*T0, then 7F = -7F (alternating skew, parwav "skew = -skew")
4F4  6D30                            MPY   30h
4F5  7F8E                            PAC
4F6  5C00                            SACH  00h,4
4F7  2000                            LAC   00h
4F8  0030                            ADD   30h
4F9  5030                            SACL  30h
4FA  7F89                            ZAC
4FB  107F                            SUB   7Fh
4FC  507F                            SACL  7Fh
4FD  2201                            LAC   01h,2
4FE  110D                            SUB   0Dh,1
4FF  1110                            SUB   10h,1
500  5000                            SACL  00h
501  6A00                            LT    00h
502  6D2F                            MPY   2Fh
503  7F8E                            PAC
504  5018                            SACL  18h
505  202F                            LAC   2Fh
506  FA00 050B                       BLZ   L50B
508  2005                            LAC   05h
509  1018                            SUB   18h
50A  507B                            SACL  7Bh
50B  2030       L50B:                LAC   30h                 ; nmod = T0, halved when voiced (parwav)
50C  5031                            SACL  31h
50D  2019                            LAC   19h
50E  FB00 0512                       BLEZ  L512
510  2F31                            LAC   31h,15
511  5831                            SACH  31h
512  6A28       L512:                LT    28h                 ; nopen = 28*T0 + 27 (open phase as a fraction of the period plus an offset)
513  6D30                            MPY   30h
514  7F8E                            PAC
515  5900                            SACH  00h,1
516  2000                            LAC   00h
517  0027                            ADD   27h
518  5015                            SACL  15h
519  7E28                            LACK  28h                 ; clamp nopen >= 40
51A  5000                            SACL  00h
51B  1015                            SUB   15h
51C  FB00 0520                       BLEZ  L520
51E  7E28                            LACK  28h
51F  5015                            SACL  15h
520  7ED5       L520:                LACK  D5h                 ; clamp nopen <= 0xD5 + data[07] = 263 (parwav limits 40..263)
521  0007                            ADD   07h
522  1015                            SUB   15h
523  FD00 0528                       BGEZ  L528
525  7ED5                            LACK  D5h
526  0007                            ADD   07h
527  5015                            SACL  15h
528  2015       L528:                LAC   15h                 ; nopen < T0
529  1030                            SUB   30h
52A  FA00 052F                       BLZ   L52F
52C  2030                            LAC   30h
52D  1010                            SUB   10h
52E  5015                            SACL  15h
52F  7EF5       L52F:                LACK  F5h                 ; b = B0_TABLE[nopen - 40]
530  0009                            ADD   09h
531  0015                            ADD   15h
532  1000                            SUB   00h
533  672E                            TBLR  2Eh
534  202E                            LAC   2Eh
535  0010                            ADD   10h
536  5000                            SACL  00h
537  7E5F                            LACK  5Fh                 ; a = b * nopen / 3 (two orderings to avoid overflow)
538  1015                            SUB   15h
539  FD00 0545                       BGEZ  L545
53B  6A00                            LT    00h
53C  6D15                            MPY   15h
53D  7F8E                            PAC
53E  5000                            SACL  00h
53F  6A00                            LT    00h
540  6D04                            MPY   04h
541  7F8E                            PAC
542  5913                            SACH  13h,1
543  F900 054D                       B     L54D
545  6A04       L545:                LT    04h
546  6D00                            MPY   00h
547  7F8E                            PAC
548  5913                            SACH  13h,1
549  6A13                            LT    13h
54A  6D15                            MPY   15h
54B  7F8E                            PAC
54C  5013                            SACL  13h
54D  211E       L54D:                LAC   1Eh,1
54E  100C                            SUB   0Ch
54F  505C                            SACL  5Ch
550  2022                            LAC   22h
551  5012                            SACL  12h
552  F800 0709                       CALL  COS_LOOKUP_A
554  6A12                            LT    12h
555  200C                            LAC   0Ch
556  101E                            SUB   1Eh
557  5000                            SACL  00h
558  6D00                            MPY   00h
559  7F8E                            PAC
55A  5C5B                            SACH  5Bh,4
55B  200C                            LAC   0Ch
55C  105B                            SUB   5Bh
55D  105C                            SUB   5Ch
55E  5000                            SACL  00h
55F  6A29                            LT    29h
560  6D00                            MPY   00h
561  7F8E                            PAC
562  5912                            SACH  12h,1
563  7905                            AND   05h
564  5000                            SACL  00h
565  2100                            LAC   00h,1
566  6012                            ADDH  12h
567  5C5A                            SACH  5Ah,4
568  235A                            LAC   5Ah,3
569  505A                            SACL  5Ah
56A  211D                            LAC   1Dh,1
56B  100C                            SUB   0Ch
56C  505F                            SACL  5Fh
56D  2021                            LAC   21h
56E  5012                            SACL  12h
56F  F800 0709                       CALL  COS_LOOKUP_A
571  6A12                            LT    12h
572  200C                            LAC   0Ch
573  101D                            SUB   1Dh
574  5000                            SACL  00h
575  6D00                            MPY   00h
576  7F8E                            PAC
577  5C5E                            SACH  5Eh,4
578  200C                            LAC   0Ch
579  105E                            SUB   5Eh
57A  105F                            SUB   5Fh
57B  5000                            SACL  00h
57C  6A2A                            LT    2Ah
57D  6D00                            MPY   00h
57E  7F8E                            PAC
57F  5912                            SACH  12h,1
580  7905                            AND   05h
581  5000                            SACL  00h
582  2100                            LAC   00h,1
583  6012                            ADDH  12h
584  5C5D                            SACH  5Dh,4
585  211C                            LAC   1Ch,1
586  100C                            SUB   0Ch
587  5062                            SACL  62h
588  2020                            LAC   20h
589  5012                            SACL  12h
58A  F800 0721                       CALL  COS_LOOKUP_B
58C  6A12                            LT    12h
58D  200C                            LAC   0Ch
58E  101C                            SUB   1Ch
58F  5000                            SACL  00h
590  6D00                            MPY   00h
591  7F8E                            PAC
592  5C61                            SACH  61h,4
593  200C                            LAC   0Ch
594  1061                            SUB   61h
595  1062                            SUB   62h
596  5000                            SACL  00h
597  6A2B                            LT    2Bh
598  6D00                            MPY   00h
599  7F8E                            PAC
59A  5912                            SACH  12h,1
59B  7905                            AND   05h
59C  5000                            SACL  00h
59D  2100                            LAC   00h,1
59E  6012                            ADDH  12h
59F  5C60                            SACH  60h,4
5A0  2D1F                            LAC   1Fh,13              ; FNZ (data[1F], Hz) -> index 1F/8 - data[81](=31) into FNZ_TAB_A/B/C
5A1  6E01                            LDPK  1
5A2  6201                            SUBH  01h
5A3  6E00                            LDPK  0
5A4  5800                            SACH  00h
5A5  7E21                            LACK  21h
5A6  0000                            ADD   00h
5A7  676C                            TBLR  6Ch
5A8  6A6C                            LT    6Ch
5A9  6D02                            MPY   02h
5AA  7F8E                            PAC
5AB  5C6C                            SACH  6Ch,4
5AC  7E44                            LACK  44h
5AD  0000                            ADD   00h
5AE  676D                            TBLR  6Dh
5AF  6A6D                            LT    6Dh
5B0  6D02                            MPY   02h
5B1  7F8E                            PAC
5B2  5C6D                            SACH  6Dh,4
5B3  7E67                            LACK  67h
5B4  0000                            ADD   00h
5B5  676E                            TBLR  6Eh
5B6  6A6E                            LT    6Eh
5B7  6D02                            MPY   02h
5B8  7F8E                            PAC
5B9  5C6E                            SACH  6Eh,4

5BA  7189       GLOTTAL_LOWPASS:     LARK  AR1,89h
5BB  6E01                            LDPK  1
5BC  6881                            LARP  1
5BD  7F89                            ZAC
5BE  6A91                            LT    *-,1
5BF  6D04                            MPY   04h
5C0  6B81                            LTD   *,1
5C1  6D05                            MPY   05h
5C2  6E00                            LDPK  0
5C3  6C23                            LTA   23h
5C4  82BC                            MPYK  700
5C5  7F8F                            APAC
5C6  5C91                            SACH  *-,1,4
5C7  5C23                            SACH  23h,4
5C8  2010                            LAC   10h
5C9  0014                            ADD   14h
5CA  5014                            SACL  14h
5CB  F900 04C2                       B     GLOTTAL_4X_LOOP

5CD  6A7B       NOISE_AND_MIX:       LT    7Bh                 ; tilt filter on the voicing (7B, 18), breath noise in the open phase, then source = AV*voicing + AH*noise
5CE  6D23                            MPY   23h
5CF  7F8E                            PAC
5D0  6A18                            LT    18h
5D1  6D7C                            MPY   7Ch
5D2  7F8F                            APAC
5D3  5923                            SACH  23h,1
5D4  597C                            SACH  7Ch,1
5D5  2015                            LAC   15h
5D6  1110                            SUB   10h,1
5D7  1014                            SUB   14h
5D8  FB00 05DF                       BLEZ  L5DF
5DA  2F23                            LAC   23h,15
5DB  6A7A                            LT    7Ah
5DC  6D24                            MPY   24h
5DD  7F8F                            APAC
5DE  5923                            SACH  23h,1
5DF  6A23       L5DF:                LT    23h
5E0  6D19                            MPY   19h
5E1  7F8E                            PAC
5E2  5C48                            SACH  48h,4
5E3  6A16                            LT    16h
5E4  6D26                            MPY   26h
5E5  7F8E                            PAC
5E6  0F48                            ADD   48h,15
5E7  5948                            SACH  48h,1

5E8  714A       CASCADE_BRANCH:      LARK  AR1,4Ah             ; cascade: states from data 0x4A down (AR1), coefficients C,B,A from 0x6E down (AR0): nasal zero (FIR), nasal pole, F5, F4, F3, F2, F1
5E9  706E                            LARK  AR0,6Eh
5EA  6881                            LARP  1
5EB  7F89                            ZAC
5EC  6A90                            LT    *-,0
5ED  6D91                            MPY   *-,1
5EE  6B90                            LTD   *-,0
5EF  6D91                            MPY   *-,1
5F0  6B90                            LTD   *-,0
5F1  6D91                            MPY   *-,1
5F2  7F8F                            APAC
5F3  5C11                            SACH  11h,4
5F4  7F89                            ZAC
5F5  6A90                            LT    *-,0
5F6  6D91                            MPY   *-,1
5F7  6B80                            LTD   *,0
5F8  6D90                            MPY   *-,0
5F9  6C11                            LTA   11h
5FA  6D91                            MPY   *-,1
5FB  7F8F                            APAC
5FC  5C91                            SACH  *-,1,4
5FD  5C11                            SACH  11h,4
5FE  7F89                            ZAC
5FF  6A90                            LT    *-,0
600  6D91                            MPY   *-,1
601  6B80                            LTD   *,0
602  6D90                            MPY   *-,0
603  6C11                            LTA   11h
604  6D91                            MPY   *-,1
605  7F8F                            APAC
606  5C91                            SACH  *-,1,4
607  5C11                            SACH  11h,4
608  7F89                            ZAC
609  6A90                            LT    *-,0
60A  6D91                            MPY   *-,1
60B  6B80                            LTD   *,0
60C  6D90                            MPY   *-,0
60D  6C11                            LTA   11h
60E  6D91                            MPY   *-,1
60F  7F8F                            APAC
610  5C91                            SACH  *-,1,4
611  5C11                            SACH  11h,4
612  7F89                            ZAC
613  6A90                            LT    *-,0
614  6D91                            MPY   *-,1
615  6B80                            LTD   *,0
616  6D90                            MPY   *-,0
617  6C11                            LTA   11h
618  6D91                            MPY   *-,1
619  7F8F                            APAC
61A  5C91                            SACH  *-,1,4
61B  5C11                            SACH  11h,4
61C  7F89                            ZAC
61D  6A90                            LT    *-,0
61E  6D91                            MPY   *-,1
61F  6B80                            LTD   *,0
620  6D90                            MPY   *-,0
621  6C11                            LTA   11h
622  6D91                            MPY   *-,1
623  7F8F                            APAC
624  5C91                            SACH  *-,1,4
625  5C11                            SACH  11h,4
626  7F89                            ZAC
627  6A90                            LT    *-,0
628  6D91                            MPY   *-,1
629  6B80                            LTD   *,0
62A  6D90                            MPY   *-,0
62B  6C11                            LTA   11h
62C  6D91                            MPY   *-,1
62D  7F8F                            APAC
62E  5C91                            SACH  *-,1,4
62F  5C11                            SACH  11h,4
630  2111                            LAC   11h,1
631  5011                            SACL  11h

632  7F89       PARALLEL_BRANCH:     ZAC                       ; parallel on the noise: F6 (fixed), F5, F4, F3, F2, summed with alternating signs (Klatt 1980)
633  6A90                            LT    *-,0
634  6D91                            MPY   *-,1
635  6B80                            LTD   *,0
636  6D90                            MPY   *-,0
637  6C26                            LTA   26h
638  6D91                            MPY   *-,1
639  7F8F                            APAC
63A  5C91                            SACH  *-,1,4
63B  5C00                            SACH  00h,4
63C  2000                            LAC   00h
63D  1011                            SUB   11h
63E  5011                            SACL  11h
63F  7F89                            ZAC
640  6A90                            LT    *-,0
641  6D91                            MPY   *-,1
642  6B80                            LTD   *,0
643  6D90                            MPY   *-,0
644  6C26                            LTA   26h
645  6D91                            MPY   *-,1
646  7F8F                            APAC
647  5C91                            SACH  *-,1,4
648  5C00                            SACH  00h,4
649  2000                            LAC   00h
64A  1011                            SUB   11h
64B  5011                            SACL  11h
64C  7F89                            ZAC
64D  6A90                            LT    *-,0
64E  6D91                            MPY   *-,1
64F  6B80                            LTD   *,0
650  6D90                            MPY   *-,0
651  6C26                            LTA   26h
652  6D91                            MPY   *-,1
653  7F8F                            APAC
654  5C91                            SACH  *-,1,4
655  5C00                            SACH  00h,4
656  2000                            LAC   00h
657  1011                            SUB   11h
658  5011                            SACL  11h
659  7F89                            ZAC
65A  6A90                            LT    *-,0
65B  6D91                            MPY   *-,1
65C  6B80                            LTD   *,0
65D  6D90                            MPY   *-,0
65E  6C26                            LTA   26h
65F  6D91                            MPY   *-,1
660  7F8F                            APAC
661  5C91                            SACH  *-,1,4
662  5C00                            SACH  00h,4
663  2000                            LAC   00h
664  1011                            SUB   11h
665  5011                            SACL  11h
666  7F89                            ZAC
667  6A90                            LT    *-,0
668  6D91                            MPY   *-,1
669  6B80                            LTD   *,0
66A  6D90                            MPY   *-,0
66B  6C26                            LTA   26h
66C  6D91                            MPY   *-,1
66D  7F8F                            APAC
66E  5C91                            SACH  *-,1,4
66F  5C00                            SACH  00h,4
670  2000                            LAC   00h
671  1011                            SUB   11h
672  5011                            SACL  11h
673  6A17                            LT    17h                 ; bypass path: subtract data[17] * frication source
674  6D26                            MPY   26h
675  7F8E                            PAC
676  5900                            SACH  00h,1
677  2011                            LAC   11h
678  1000                            SUB   00h
679  5011                            SACL  11h
67A  7E14                            LACK  14h                 ; sample ready in data[11]; wait up to 20 loops for the DAC interrupt
67B  507D                            SACL  7Dh

67C  7F82       WAIT_DAC_TICK:       EINT
67D  207D                            LAC   7Dh
67E  7F81                            DINT
67F  FF00 068F                       BZ    SAMPLE_DONE
681  1010                            SUB   10h
682  507D                            SACL  7Dh
683  FE00 067C                       BNZ   WAIT_DAC_TICK

685  7E14       DAC_TIMEOUT:         LACK  14h                 ; no DAC tick in time: wait for BIO, then flag an error to the 68000
686  5000                            SACL  00h
687  F600 0687  L687:                BIOZ  L687
689  2000       L689:                LAC   00h
68A  1010                            SUB   10h
68B  5000                            SACL  00h
68C  FC00 0689                       BGZ   L689
68E  4810                            OUT   10h,PA0

68F  2010       SAMPLE_DONE:         LAC   10h
690  002D                            ADD   2Dh
691  502D                            SACL  2Dh
692  F900 02DF                       B     FRAME_TIMEOUT_CHECK

694  4911       DAC_ISR:             OUT   11h,PA1             ; output FIFO has room: write data[11] to the DAC
695  7F89                            ZAC
696  507D                            SACL  7Dh
697  7F8D                            RET

698  7F89       TONE_MODE:           ZAC                       ; two-sinusoid generator (phase accumulators 2F/30, steps 2D/2E) - DTMF/tones [I]
699  502D                            SACL  2Dh
69A  502E                            SACL  2Eh
69B  502F                            SACL  2Fh
69C  5030                            SACL  30h
69D  6A07                            LT    07h
69E  8064                            MPYK  100
69F  7F8E                            PAC
6A0  500D                            SACL  0Dh
6A1  6A07                            LT    07h
6A2  8014                            MPYK  20
6A3  7F8E                            PAC
6A4  5013                            SACL  13h
6A5  2F0E                            LAC   0Eh,15
6A6  582B                            SACH  2Bh
6A7  F900 06AC                       B     L6AC

6A9  F600 06D2  TONE_LOOP:           BIOZ  TONE_SAMPLE
6AB  412C                            IN    2Ch,PA1
6AC  202C       L6AC:                LAC   2Ch                 ; a positive (bit 15 clear) header ends tone mode -> cold start
6AD  FC00 02A7                       BGZ   COLD_START
6AF  2C10                            LAC   10h,12
6B0  792C                            AND   2Ch
6B1  4807                            OUT   07h,PA0
6B2  FC00 06C4                       BGZ   L6C4
6B4  7F89                            ZAC
6B5  5030                            SACL  30h
6B6  202C                            LAC   2Ch
6B7  792B                            AND   2Bh
6B8  502E                            SACL  2Eh
6B9  1013                            SUB   13h
6BA  FA00 06C0                       BLZ   L6C0
6BC  7E02                            LACK  02h
6BD  5032                            SACL  32h
6BE  F900 06D2                       B     TONE_SAMPLE
6C0  7E01       L6C0:                LACK  01h
6C1  5032                            SACL  32h
6C2  F900 06D2                       B     TONE_SAMPLE
6C4  7F89       L6C4:                ZAC
6C5  502F                            SACL  2Fh
6C6  202C                            LAC   2Ch
6C7  792B                            AND   2Bh
6C8  502D                            SACL  2Dh
6C9  1013                            SUB   13h
6CA  FA00 06D0                       BLZ   L6D0
6CC  7E02                            LACK  02h
6CD  5031                            SACL  31h
6CE  F900 06D2                       B     TONE_SAMPLE
6D0  7E01       L6D0:                LACK  01h
6D1  5031                            SACL  31h

6D2  7F89       TONE_SAMPLE:         ZAC
6D3  5011                            SACL  11h
6D4  202F                            LAC   2Fh
6D5  002D                            ADD   2Dh
6D6  502F                            SACL  2Fh
6D7  100D                            SUB   0Dh
6D8  FA00 06DF                       BLZ   L6DF
6DA  502F                            SACL  2Fh
6DB  6A31                            LT    31h
6DC  9FFF                            MPYK  -1
6DD  7F8E                            PAC
6DE  5031                            SACL  31h
6DF  2030       L6DF:                LAC   30h
6E0  002E                            ADD   2Eh
6E1  5030                            SACL  30h
6E2  100D                            SUB   0Dh
6E3  FA00 06EA                       BLZ   L6EA
6E5  5030                            SACL  30h
6E6  6A32                            LT    32h
6E7  9FFF                            MPYK  -1
6E8  7F8E                            PAC
6E9  5032                            SACL  32h
6EA  202F       L6EA:                LAC   2Fh
6EB  5012                            SACL  12h
6EC  F800 0709                       CALL  COS_LOOKUP_A
6EE  2011                            LAC   11h
6EF  6A12                            LT    12h
6F0  6D31                            MPY   31h
6F1  7F8F                            APAC
6F2  5011                            SACL  11h
6F3  2030                            LAC   30h
6F4  5012                            SACL  12h
6F5  F800 0709                       CALL  COS_LOOKUP_A
6F7  2011                            LAC   11h
6F8  6A12                            LT    12h
6F9  6D32                            MPY   32h
6FA  7F8F                            APAC
6FB  5011                            SACL  11h
6FC  7EE4                            LACK  E4h
6FD  507D                            SACL  7Dh
6FE  7F82       L6FE:                EINT
6FF  207D                            LAC   7Dh
700  7F81                            DINT
701  FF00 06A9                       BZ    TONE_LOOP
703  1010                            SUB   10h
704  507D                            SACL  7Dh
705  FE00 06FE                       BNZ   L6FE
707  F900 06A9                       B     TONE_LOOP

709  2207       COS_LOOKUP_A:        LAC   07h,2               ; data[12] = frequency (Hz, piecewise ranges 200/400/800/1600/3200) -> data[12] = COS_TABLE entry [I]
70A  1012                            SUB   12h
70B  FA00 0710                       BLZ   L710
70D  7EE2                            LACK  E2h
70E  F900 073D                       B     L73D
710  2307       L710:                LAC   07h,3
711  1012                            SUB   12h
712  FB00 0719                       BLEZ  L719
714  2E12                            LAC   12h,14
715  6207                            SUBH  07h
716  5800                            SACH  00h
717  F900 073B                       B     L73B
719  2407       L719:                LAC   07h,4
71A  1012                            SUB   12h
71B  FB00 0721                       BLEZ  COS_LOOKUP_B
71D  2D12                            LAC   12h,13
71E  5800                            SACH  00h
71F  F900 073B                       B     L73B

721  2507       COS_LOOKUP_B:        LAC   07h,5
722  1012                            SUB   12h
723  FB00 072A                       BLEZ  COS_LOOKUP_C
725  2C12                            LAC   12h,12
726  6007                            ADDH  07h
727  5800                            SACH  00h
728  F900 073B                       B     L73B

72A  2607       COS_LOOKUP_C:        LAC   07h,6
72B  1012                            SUB   12h
72C  FB00 0735                       BLEZ  L735
72E  2B12                            LAC   12h,11
72F  5800                            SACH  00h
730  2000                            LAC   00h
731  0107                            ADD   07h,1
732  5000                            SACL  00h
733  F900 073B                       B     L73B
735  2A12       L735:                LAC   12h,10
736  5800                            SACH  00h
737  2107                            LAC   07h,1
738  0007                            ADD   07h
739  0000                            ADD   00h
73A  5000                            SACL  00h
73B  7EE2       L73B:                LACK  E2h
73C  0000                            ADD   00h
73D  6712       L73D:                TBLR  12h
73E  7F8D                            RET

; UNUSED_TAIL: never reached by code; looks like leftover/random EPROM contents [I]
73F  DATA       UNUSED_TAIL:         DW 6893 128E FC9D BAC5 3D3D 6B85 A07F BBCF
747  DATA                            DW E494 8FCC B8B5 7B8D 5C32 33CC 7D18 2B98
74F  DATA                            DW EABF 73CD D2B5 628C 891C 70D8 21DB 01C5
757  DATA                            DW B8B7 33C4 7C39 938C F535 72C0 1411 21C8
75F  DATA                            DW 890D A6FA FC16 05CC 64B5 33C7 E732 33CD
767  DATA                            DW 8449 078A DC61 2A7D 871D 36D4 19EA A6CA
76F  DATA                            DW 1418 3399 F094 315A EADC 316D C0AE 3BCF
777  DATA                            DW 80B9 3983 4CC9 329B 8C55 398B D6D0 3283
77F  DATA                            DW C046 1A65 8C6B 3E20 BC2D 13E6 4661 30C0
787  DATA                            DW 267D 32C2 A3EB 32E8 7524 33C2 86A1 38C2
78F  DATA                            DW 897E 37C6 B86E 33E8 C02E 01CC 8C20 B3E2
797  DATA                            DW 3C67 33CC 342B 24C2 1366 B7C4 3401 33C0
79F  DATA                            DW 212B 094E 3C3E 36E6 1125 B5CE 508C 3144
7A7  DATA                            DW F43F A5E2 5C7A 20C2 6069 3FC8 116F 3448
7AF  DATA                            DW 2CAF 31CA 6572 22CA 376E 33C2 7D36 334C
7B7  DATA                            DW 7E47 136A 2D26 33EC 60A2 1360 3CFA 11CA
7BF  DATA                            DW 7C2F 2ECA BA3B 35E8 A934 FCC4 A524 35E8
7C7  DATA                            DW 5925 33CE 690A BFE6 2E23 F0E0 8C29 E6CA
7CF  DATA                            DW 2C2A 31C4 582E 35CF E93E 32E4 4420 12CF
7D7  DATA                            DW 617C 35EC 966C 36C5 D79A 316C F56F 104E
7DF  DATA                            DW E9AB 3166 EC31 35C4 ECAD 2986 6D6A 22E7
7E7  DATA                            DW CC1B 1BC0 FC62 0E45 BA63 03E9 26EB 36C4
7EF  DATA                            DW 2EE6 13A8 C0FB 39C4 29CE A3EE CB04 3278
7F7  DATA                            DW C124 7147 6A08 3371 E0C2 3376 0E88 329C
7FF  DATA                            DW C565
